// Jest Snapshot v1, https://goo.gl/fbAQLP

exports[`should match with snapshot 1`] = `
<View
  style={
    Array [
      Object {
        "marginBottom": 50,
        "paddingHorizontal": 35,
        "paddingVertical": 10,
      },
    ]
  }
>
  <Text
    style={
      Array [
        Object {
          "color": "black",
          "fontSize": 24,
          "fontWeight": "700",
          "marginVertical": 10,
        },
      ]
    }
  >
    Ürünlerin Toplamı:
  </Text>
  <Text
    style={
      Array [
        Object {
          "color": "black",
          "fontSize": 18,
          "fontWeight": "200",
          "marginVertical": 5,
        },
      ]
    }
  >
    Toplam: 
    0
     TL
  </Text>
  <Text
    style={
      Array [
        Object {
          "color": "black",
          "fontSize": 18,
          "fontWeight": "200",
          "marginVertical": 5,
        },
      ]
    }
  >
    Vergiler + Kargo: 
    0
     TL
  </Text>
  <Text
    style={
      Array [
        Object {
          "color": "black",
          "fontSize": 22,
          "fontWeight": "700",
          "marginVertical": 6,
        },
      ]
    }
  >
    Genel Toplam: 
    0
     TL
  </Text>
</View>
`;
